c:\users\18453\source\repos\mystl\openstl\x64\debug\geocore.pch
c:\users\18453\source\repos\mystl\x64\debug\geocore.pdb
c:\users\18453\source\repos\mystl\x64\debug\geocore.idb
c:\users\18453\source\repos\mystl\openstl\x64\debug\pch.obj
c:\users\18453\source\repos\mystl\openstl\x64\debug\readwritefile.obj
c:\users\18453\source\repos\mystl\openstl\x64\debug\pointcompare.obj
c:\users\18453\source\repos\mystl\openstl\x64\debug\mvector.obj
c:\users\18453\source\repos\mystl\openstl\x64\debug\mpoint.obj
c:\users\18453\source\repos\mystl\openstl\x64\debug\mplane.obj
c:\users\18453\source\repos\mystl\openstl\x64\debug\mmatrix.obj
c:\users\18453\source\repos\mystl\openstl\x64\debug\mline.obj
c:\users\18453\source\repos\mystl\openstl\x64\debug\mgeometry.obj
c:\users\18453\source\repos\mystl\openstl\x64\debug\mbbox.obj
c:\users\18453\source\repos\mystl\x64\debug\geocore.lib
c:\users\18453\source\repos\mystl\openstl\x64\debug\geocore.tlog\cl.command.1.tlog
c:\users\18453\source\repos\mystl\openstl\x64\debug\geocore.tlog\cl.read.1.tlog
c:\users\18453\source\repos\mystl\openstl\x64\debug\geocore.tlog\cl.write.1.tlog
c:\users\18453\source\repos\mystl\openstl\x64\debug\geocore.tlog\lib-link.write.1.tlog
c:\users\18453\source\repos\mystl\openstl\x64\debug\geocore.tlog\lib.command.1.tlog
c:\users\18453\source\repos\mystl\openstl\x64\debug\geocore.tlog\lib.read.1.tlog
