c:\users\18453\source\repos\mystl\openstl\debug\geocore.pch
c:\users\18453\source\repos\mystl\debug\geocore.pdb
c:\users\18453\source\repos\mystl\debug\geocore.idb
c:\users\18453\source\repos\mystl\openstl\debug\pch.obj
c:\users\18453\source\repos\mystl\openstl\debug\readwritefile.obj
c:\users\18453\source\repos\mystl\openstl\debug\pointcompare.obj
c:\users\18453\source\repos\mystl\openstl\debug\mvector.obj
c:\users\18453\source\repos\mystl\openstl\debug\mpoint.obj
c:\users\18453\source\repos\mystl\openstl\debug\mplane.obj
c:\users\18453\source\repos\mystl\openstl\debug\mmatrix.obj
c:\users\18453\source\repos\mystl\openstl\debug\mline.obj
c:\users\18453\source\repos\mystl\openstl\debug\mgeometry.obj
c:\users\18453\source\repos\mystl\openstl\debug\mbbox.obj
c:\users\18453\source\repos\mystl\debug\geocore.lib
c:\users\18453\source\repos\mystl\openstl\debug\geocore.tlog\cl.command.1.tlog
c:\users\18453\source\repos\mystl\openstl\debug\geocore.tlog\cl.read.1.tlog
c:\users\18453\source\repos\mystl\openstl\debug\geocore.tlog\cl.write.1.tlog
c:\users\18453\source\repos\mystl\openstl\debug\geocore.tlog\lib-link.write.1.tlog
c:\users\18453\source\repos\mystl\openstl\debug\geocore.tlog\lib.command.1.tlog
c:\users\18453\source\repos\mystl\openstl\debug\geocore.tlog\lib.read.1.tlog
